// Jest Snapshot v1, https://goo.gl/fbAQLP

exports[`<ContactUs /> renders correctly 1`] = `
<div
  className="ContactUs"
>
  <ContentPage
    blue={true}
    title="Contact Us"
  >
    <Row
      className=""
    >
      <Col
        className=""
        lg={null}
        lg-offset={null}
        md="8"
        md-offset={null}
        sm={null}
        sm-offset={null}
        xl={null}
        xl-offset={null}
        xs={null}
        xs-offset={null}
      >
        <FormGroup
          className={null}
          inputs={
            Array [
              Object {
                "handler": [Function],
                "icon": "mail.svg",
                "id": "email",
                "placeholder": "Email",
                "validators": Array [
                  Object {
                    "error": Object {
                      "level": 3,
                      "message": "Please enter a valid email address!",
                    },
                    "regex": /\\^\\[a-zA-Z0-9\\.\\\\-_\\]\\+@\\[a-zA-Z0-9\\\\-_\\]\\+\\\\\\.\\[a-zA-Z0-9\\.\\\\-_\\]\\+\\$/,
                  },
                ],
                "value": "",
              },
              Object {
                "handler": [Function],
                "icon": "pencil.svg",
                "id": "message",
                "placeholder": "Your message",
                "value": "",
              },
            ]
          }
          isValid={[Function]}
        />
        <Button
          className="button"
          disabled={true}
          icon={null}
          iconOnly={false}
          middle={true}
          nocaps={false}
          onClick={[Function]}
          outline={false}
          primary={true}
          secondary={false}
          small={false}
          text="Send"
          textOnly={false}
          tiny={false}
        />
      </Col>
    </Row>
  </ContentPage>
  <Responsive
    handleToggleModal={[Function]}
  />
</div>
`;
