// Jest Snapshot v1, https://goo.gl/fbAQLP

exports[`<ProcessPasswordReset /> renders correctly 1`] = `
<Aux>
  <Row
    className=""
  >
    <Col
      className=""
      lg={null}
      lg-offset={null}
      md="2"
      md-offset={null}
      sm={null}
      sm-offset={null}
      xl={null}
      xl-offset={null}
      xs={null}
      xs-offset={null}
    />
    <Col
      className=""
      lg={null}
      lg-offset={null}
      md="8"
      md-offset={null}
      sm={null}
      sm-offset={null}
      xl={null}
      xl-offset={null}
      xs={null}
      xs-offset={null}
    >
      <h1
        className="header"
      >
        Password Reset
      </h1>
      <p>
        You are only a step away from re-accessing your account, please create a password below to login.
      </p>
    </Col>
    <Col
      className=""
      lg={null}
      lg-offset={null}
      md="2"
      md-offset={null}
      sm={null}
      sm-offset={null}
      xl={null}
      xl-offset={null}
      xs={null}
      xs-offset={null}
    />
  </Row>
  <Row
    className=""
  >
    <Col
      className=""
      lg={null}
      lg-offset={null}
      md="2"
      md-offset={null}
      sm={null}
      sm-offset={null}
      xl={null}
      xl-offset={null}
      xs={null}
      xs-offset={null}
    />
    <Col
      className=""
      lg={null}
      lg-offset={null}
      md="8"
      md-offset={null}
      sm={null}
      sm-offset={null}
      xl={null}
      xl-offset={null}
      xs={null}
      xs-offset={null}
    >
      <Textbox
        buttonAction={null}
        buttonIcon={null}
        buttonText={null}
        className=""
        defaultValue={null}
        disabled={false}
        handleCleanState={[Function]}
        handleValueChange={[Function]}
        icon="lockIcon.svg"
        iconOnly={false}
        incomingError=""
        isAddress={false}
        isButtonEnable={null}
        isProfile={false}
        isTransparent={true}
        isValid={null}
        mask={null}
        onBlur={null}
        onFocus={null}
        optional={false}
        password={true}
        placeholder="Password"
        textboxName={null}
        validators={
          Array [
            Object {
              "error": Object {
                "level": 3,
                "message": "Your password must be at least 8 characters long!",
              },
              "minLength": 8,
            },
          ]
        }
      />
    </Col>
    <Col
      className=""
      lg={null}
      lg-offset={null}
      md="2"
      md-offset={null}
      sm={null}
      sm-offset={null}
      xl={null}
      xl-offset={null}
      xs={null}
      xs-offset={null}
    />
  </Row>
  <Row
    className=""
  >
    <div
      className="buttonContainer"
    >
      <Button
        className=""
        disabled={true}
        icon="arrow-right.svg"
        iconOnly={false}
        middle={true}
        nocaps={false}
        onClick={[Function]}
        outline={false}
        primary={true}
        secondary={false}
        small={false}
        text="Reset Password"
        textOnly={false}
        tiny={false}
      />
    </div>
  </Row>
</Aux>
`;
